# OpenAI Agents SDK — local MCP via Streamable HTTP
import asyncio
from agents import Agent, Runner
from agents.mcp import MCPServerStreamableHttp

async def main():
    async with MCPServerStreamableHttp(
        name='quillmark',
        params={'url': 'http://127.0.0.1:8080/mcp'},
    ) as mcp:
        agent = Agent(
            name='Document Assistant',
            instructions='Use quillmark tools to render markdown documents.',
            mcp_servers=[mcp],
        )
        result = await Runner.run(
            agent,
            'List available quill formats, then render the usaf_memo example.',
        )
        print(result.final_output)

if __name__ == '__main__':
    asyncio.run(main())
